<!DOCTYPE html>
<html lang="en">
<head>
    <meta charset="UTF-8">
    <meta http-equiv="X-UA-Compatible" content="IE=edge">
    <meta name="viewport" content="width=device-width, initial-scale=1.0">
    <title>Yogesh Mahi Tour packages and car rental services</title>

    <link rel="shortcut icon" href="/img/Luxury-car.png" type="image/x-icon">

    <link rel="stylesheet" href="/css/F1.css">

    <link rel="stylesheet" href="https://cdnjs.cloudflare.com/ajax/libs/font-awesome/4.7.0/css/font-awesome.min.css">

</head>
<body>
    <header>
        <div class="icons">
        <div class="row">
            
            <div class="col-3 contact">
                <i class="fa fa-envelope"></i>
             <a href="info@mahitourandtravels.co.in">info@mahitourandtravels.co.in</a>
             </div>
             <div class="sim">|</div>
             <div class="col-2 contact1">
             <i class="fa fa-phone"></i>
             <a href="+918209175462">+918209175462</a>
            </div>
            <div class="col-1"></div>
            <div class="col-3 linksocial" >
              <a href=""><i class="fa fa-facebook-square"></i></a>
              <a href=""><i class="fa fa-instagram"></i></a>
              <a href=""><i class="fa fa-twitter"></i></a>
            </div>
            <div class="col-1"></div>
        </div>
        </div>
         <div class="menu">
            <div class="row">
            
        <div class="col-2">
            <img class="imgmahi" src="https://www.mahitourandtravels.co.in/src/public/user/img/logomahi.png" alt="">
        </div>
        <div class="col-1"></div>
        <div class="col-1"></div>
        <div class="col-6">
            <ul class="menu-ul" >
                <li> <a href="/Home.html">Home</a></li>
                <li><a href="/About.html">About</li>
                <li><a href="/packages.html" class="active">Tour Packages</a></li>
                <li><a href="/Gallery.html">Gallery</a></li>
                <li><a href="/Rental.html">Rental/Hire</a></li>
                <li><a href="/Contact.html">Contact</a></li>
            </ul>
           </div></div>
        </div>
    </header>
    <main>
        <section>
            <div class="data-chc">
                <img class="img-chc" src="/img/pkj-1.png" width="100%" height="460px" alt="">
            <div class="sec-chc">
                <div class="chc">
                    <h1 class="smht">GOLDEN TRIANGLE TOUR PACKAGE</h1>
                </div>
                <div class="chc-h2">
                    <div class="div"><a href="/Home.html">HOME</a></div>
                    <div class="div"><i class="fa fa-angle-double-right"></i></div>
                    <div class="div"><p>GOLDEN TRIANGLE TOUR PACKAGE</p></div>
                </div>
            </div>  
            </div>
        </section>
        <section>
            <form action="">
                <div class="form-book">
                <div class="row">
                    <div class="col-13">
                        <div class="name">
                        <input type="text" placeholder="Enter Name">
                        </div>
                    </div>
                    <div class="col-13">
                        <div class="email">
                        <input type="email" placeholder="Enter Email">
                    </div>
                    </div>
                    <div class="col-13">
                        <div class="number">
                        <input type="number" placeholder="Enter Number">
                    </div>
                </div>  
                </div>
                    <div class="row">
                    <div class="col-19">
                        <textarea class="texta" rows="5" placeholder="Enter Message"></textarea>
                    </div>
                    <div class="col-11"></div>
                        <div class="col-1">
                            <div class="button-1">
                            <button type="submit" class="button1">Submit</button>
                        </div>
                    </div>
                </div>
            </div>
                
        </form>
        </section>
        <section>
            <div class="dest">
               <center><h3>PACKAGES</h3></center>
            </div>
            <div class="explore">
                <center><h1>Golden Triangle Tour Package</h1></center>
            </div>
            <div class="explore-p">
            <center><p><i class="fa fa-calendar"></i><span> 7 days / 6 Nights</span></p></center>
            </div>
            <div class="crdjaipur">
                <div class="col-1"></div>
                <div class="col-8 crd-jct">
                <div class="crd-jct-h3">
                    <a href="">
                        <h3> Day 01 : Delhi</h3>
                    </a>
                </div>
                  <div class="crd-jct-p">
                    <p>
                        Upon your arrival at Delhi airport, the much awaited Delhi Agra Jaipur tour will begin. Our Mahi representative will escort you to the pre-booked hotel. Overnight stay at the hotel.
                    </p>
                  </div>
                </div>
                <div class="col-1"></div>
                <div class="col-1"></div>
                <div class="col-8 crd-jct">
                    <div class="crd-jct-h3">
                        <a href="">
                            <h3> Day 02 : Delhi Sightseeing </h3>
                        </a>
                    </div>
                    <div class="crd-jct-p">
                        <p>
                            On the second day, post breakfast, get ready to explore the wonderful sights of Old and New Delhi. Start with the beautiful Laxmi Narayan Temple and proceed to places to visit in Delhi like India Gate, a cenotaph commemorating Indian martyrs, Parliament House, Rashtrapati Bhavan and Jama Masjid, India's largest mosque. Visit the towering Qutab Minar, historical Purana Qila (Old Fort), Humayun's Tomb and Jantar Mantar observatory. Pay homage at Raj Ghat, Mahatma Gandhi's memorial. Later, witness the vivacious Sound & Light Show at Red Fort, a striking beauty in red sandstone. Return to hotel for overnight stay.
                        </p>
                    </div>
                </div>
                <div class="col-1"></div>
                <div class="col-1"></div>
                <div class="col-8 crd-jct">
                    <div class="crd-jct-h3">
                        <a href="">
                            <h3> Day 03 : Transfer Delhi to Agra by Road ( 235 km / 4 hours )</h3>
                        </a>
                    </div>
                    <div class="crd-jct-p">
                        On day 3 tour, you will begin your trip to Agra by road (4 hours). Halt at Sikandara en route for a brief visit. Reach Agra and proceed to the hotel for overnight stay.
                    </div>
                   
                </div>
                <div class="col-1"></div>
                <div class="col-1"></div>
                <div class="col-8 crd-jct">
                    <div class="crd-jct-h3">
                        <a href="">
                            <h3> Day 04 : Agra Sightseeing</h3>
                        </a>
                    </div>
                    <div class="crd-jct-p">
                        Leave for Agra sightseeing on day 4 tour. Be amazed at the sight of incredible beauty of Taj Mahal, a white mausoleum, one of the Seven Wonders of the World. Built in pristine white marble by Mughal Emperor Shah Jahan in remembrance of his beloved wife Mumtaz Mahal, it is thronged by tourists from far and wide. Later, proceed to the imposing Agra Fort and Itmad-ud-Daula's Tomb whose designed elephants even outshine the Taj! Shop around for exclusive specialties at the Local Bazaar and transfer to hotel for night stay.
                    </div>
                </div>
                <div class="col-1"></div>
                <div class="col-1"></div>
                <div class="col-8 crd-jct">
                    <div class="crd-jct-h3">
                        <a href="">
                            <h3> Day 05 : Transfer Agra to Jaipur (240 km / 4 hours)</h3>
                        </a>
                    </div>
                    <div class="crd-jct-p">
                        On day 5 of your Golden triangle tour, you will embark on a road trip to Jaipur. On the way, halt at Fatehpur Sikri (5 hours) and tour the sandstone city of Emperor Akbar. Cover Jama Masjid, Buland Darwaza, and worldâ€™s largest gateway, the historical Palace of Jodha Bai, Birbal Bhavan and Panch Mahal. Proceed towards Jaipur. After arriving, check into a city hotel. Later, leave for sightseeing covering the City Palace flanked by courtyards, lush gardens and monuments, the unique Royal Jantar Mantar Observatory, Nawab Sahab Ki Haveli and the Local Bazaar. Return to hotel for staying overnight.
                    </div>
                </div>
                <div class="col-1"></div>
                <div class="col-1"></div>
                <div class="col-8 crd-jct">
                    <div class="crd-jct-h3">
                        <a href="">
                            <h3> Day 06 : Jaipur tour</h3>
                        </a>
                    </div>
                    <div class="crd-jct-p">
                        Day 6 brings the chance to take a tour to Jaipur after breakfast. Witness the striking beauty of Amber Fort while enjoying a joyride on elephant back. Be awed at the perfect blend of Rajasthani and Mughal architecture in the palace fortress. Later, visit Hawa Mahal or Palace of Winds, the stunning five-storied pyramid-shaped palace with numerous small windows and screens. Transfer to hotel for overnight stay.
                    </div>
                </div>
                <div class="col-1"></div>
                <div class="col-1"></div>
                <div class="col-8 crd-jct">
                    <div class="crd-jct-h3">
                        <a href="">
                            <h3> Day 07 : Jaipur to Delhi by Road</h3>
                        </a>
                    </div>
                    <div class="crd-jct-p">
                        This morning marks the end of your 7 days Golden triangle tour. Start your road journey towards Delhi. After arriving, head straight to the airport/railway station to board the onward flight/train. Indian Holiday offers online reservation for Golden Triangle Tour and other Tour Packages for North India. For bookings, or for more information, please fill up the form.
                    </div>
                </div>
                <div class="col-1"></div>
                
            </div>
        </div>
        <button type="submit" class="button-jct"><a class="jct-btn" href="/Contact.html"> Enquiry Now</a></button>
    </div>
        </section>
        <footer>
            <div class="footer">
                
                <div class="col-2">
                    <div class="f-sec-1">
                    <img src="https://www.mahitourandtravels.co.in/src/public/user/img/white.png"  width="40%" alt="">
                    <div class="f-ph">
                        <p>Welcome to Mahi Travels, one of Jaipurâ€™s, Rajasthanâ€™s most established and professional car and coach operators.</p>
                    </div>
                    <div class="f-follow">
                        <h5>FOLLOW US</h5>
                    </div>
                    <div class="f-icon">
                    <span class="f-icon-1">
                        <i class="fa fa-facebook-official"></i>
                    </span>
                    <span class="f-icon-1">
                        <i class="fa fa-instagram"></i>
                    </span>
                    <span class="f-icon-1">
                        <i class="fa fa-twitter"></i>
                    </span>
                    </div>
                </div>
            </div>
                <div class="col-2">
                    <div class="f-sec-2">
                    <div class="f-ou">
                        <h3>Our Services</h3>
                    </div>
                    <ul class="f-ul-1">
                        <li><i class="fa fa-angle-right"></i><a href="/About.html">About</a></li>
                        <li><i class="fa fa-angle-right"></i><a href="/Gallery.html">Gallery</a></li>
                        <li><i class="fa fa-angle-right"></i><a href="/Packages.html">Packages</a></li>
                        <li><i class="fa fa-angle-right"></i><a href="/Rental.html">Rentl/Hire</a></li>
                    </ul>
                    </div>
                </div>
                <div class="col-3">
                    <div class="f-sec-3">
                    <div class="f-hof">
                        <h3>HEAD OFFICE</h3>
                    </div>
                    <ul class="f-ul-2">
                        <li><p><a href=""><i class="fa fa-phone"></i>+918209175462</a></p></li>
                        <li><p><a href=""><i class="fa fa-phone"></i>+919667832148</a></p></li>
                        <li><p><i class="fa fa-map-marker"></i>Pl. 98 Salasar vatika 4, niwaru road jhotwara jaipur
                        </p></li>
                        <li><p><a href=""><i class="fa fa-envelope"></i>info@mahitourandtravels.co.in</a></p></li>
                    </ul>
                    </div>
                </div>
                <div class="col-3">
                    <div class="f-sec-4">
                    <div class="f-br">
                        <h3>BRANCH OFFICE</h3>
                    </div>
                    <ul class="f-ul-3">
                    <li><a href=""><i class="fa fa-phone"></i>+919899900179</a></li>
                    <li><a href=""><i class="fa fa-whatsapp"></i>+919667832148</a></li>
                    <li><p><i class="fa fa-map-marker"></i>Pl. No. 2457 sec. 57 gurugram haryana</p></li>
                    <li><a href=""><i class="fa fa-envelope"></i>info@mahitourandtravels.co.in</a></li>
                    </ul>
                    </div>
                </div>
                
        
            </div><hr>
            <div class="f-f-f">
                Â© Mahi Tour & Travels | All rights reserved. Design And Developed By <a href=""> Magnify infotech Pvt. Ltd.</a>
            </div>
        </footer>
</body>
</html>